<?xml version="1.0"?>
<link_info>
   <banner>TI ARM Linker PC v5.1.1</banner>
   <copyright>Copyright (c) 1996-2013 Texas Instruments Incorporated</copyright>
   <link_time>0x53ae23e2</link_time>
   <link_errors>0x0</link_errors>
   <output_file>compdcm_mpu9150.out</output_file>
   <entry_point>
      <name>_c_int00</name>
      <address>0x2c99</address>
   </entry_point>
   <input_file_list>
      <input_file id="fl-2">
         <path>.\drivers\</path>
         <kind>object</kind>
         <file>rgb.obj</file>
         <name>rgb.obj</name>
      </input_file>
      <input_file id="fl-3">
         <path>.\utils\</path>
         <kind>object</kind>
         <file>uartstdio.obj</file>
         <name>uartstdio.obj</name>
      </input_file>
      <input_file id="fl-4">
         <path>.\</path>
         <kind>object</kind>
         <file>startup_ccs.obj</file>
         <name>startup_ccs.obj</name>
      </input_file>
      <input_file id="fl-5">
         <path>.\</path>
         <kind>object</kind>
         <file>compdcm_mpu9150.obj</file>
         <name>compdcm_mpu9150.obj</name>
      </input_file>
      <input_file id="fl-134">
         <path>C:\ti\ccsv5\tools\compiler\arm_5.1.1\lib\</path>
         <kind>archive</kind>
         <file>rtsv7M4_T_le_v4SPD16_eabi.lib</file>
         <name>boot.obj</name>
      </input_file>
      <input_file id="fl-135">
         <path>C:\ti\ccsv5\tools\compiler\arm_5.1.1\lib\</path>
         <kind>archive</kind>
         <file>rtsv7M4_T_le_v4SPD16_eabi.lib</file>
         <name>copy_decompress_none.obj</name>
      </input_file>
      <input_file id="fl-136">
         <path>C:\ti\ccsv5\tools\compiler\arm_5.1.1\lib\</path>
         <kind>archive</kind>
         <file>rtsv7M4_T_le_v4SPD16_eabi.lib</file>
         <name>copy_decompress_rle.obj</name>
      </input_file>
      <input_file id="fl-137">
         <path>C:\ti\ccsv5\tools\compiler\arm_5.1.1\lib\</path>
         <kind>archive</kind>
         <file>rtsv7M4_T_le_v4SPD16_eabi.lib</file>
         <name>copy_zero_init.obj</name>
      </input_file>
      <input_file id="fl-138">
         <path>C:\ti\ccsv5\tools\compiler\arm_5.1.1\lib\</path>
         <kind>archive</kind>
         <file>rtsv7M4_T_le_v4SPD16_eabi.lib</file>
         <name>exit.obj</name>
      </input_file>
      <input_file id="fl-139">
         <path>C:\ti\ccsv5\tools\compiler\arm_5.1.1\lib\</path>
         <kind>archive</kind>
         <file>rtsv7M4_T_le_v4SPD16_eabi.lib</file>
         <name>fs_toull_t2.obj</name>
      </input_file>
      <input_file id="fl-13a">
         <path>C:\ti\ccsv5\tools\compiler\arm_5.1.1\lib\</path>
         <kind>archive</kind>
         <file>rtsv7M4_T_le_v4SPD16_eabi.lib</file>
         <name>memcpy_t2.obj</name>
      </input_file>
      <input_file id="fl-13b">
         <path>C:\ti\ccsv5\tools\compiler\arm_5.1.1\lib\</path>
         <kind>archive</kind>
         <file>rtsv7M4_T_le_v4SPD16_eabi.lib</file>
         <name>stkdepth_vars.obj</name>
      </input_file>
      <input_file id="fl-13c">
         <path>C:\ti\ccsv5\tools\compiler\arm_5.1.1\lib\</path>
         <kind>archive</kind>
         <file>rtsv7M4_T_le_v4SPD16_eabi.lib</file>
         <name>u_divt2.obj</name>
      </input_file>
      <input_file id="fl-13d">
         <path>C:\ti\ccsv5\tools\compiler\arm_5.1.1\lib\</path>
         <kind>archive</kind>
         <file>rtsv7M4_T_le_v4SPD16_eabi.lib</file>
         <name>_lock.obj</name>
      </input_file>
      <input_file id="fl-13e">
         <path>C:\ti\ccsv5\tools\compiler\arm_5.1.1\lib\</path>
         <kind>archive</kind>
         <file>rtsv7M4_T_le_v4SPD16_eabi.lib</file>
         <name>args_main.obj</name>
      </input_file>
      <input_file id="fl-13f">
         <path>C:\ti\ccsv5\tools\compiler\arm_5.1.1\lib\</path>
         <kind>archive</kind>
         <file>rtsv7M4_T_le_v4SPD16_eabi.lib</file>
         <name>auto_init.obj</name>
      </input_file>
      <input_file id="fl-140">
         <path>C:\ti\ccsv5\tools\compiler\arm_5.1.1\lib\</path>
         <kind>archive</kind>
         <file>rtsv7M4_T_le_v4SPD16_eabi.lib</file>
         <name>cpy_tbl.obj</name>
      </input_file>
      <input_file id="fl-141">
         <path>C:\ti\TivaWare_C_Series-2.1.0.12573\examples\boards\ek-tm4c123gxl-boostxl-senshub\compdcm_mpu9150\ccs\..\..\..\..\..\driverlib\ccs\Debug\</path>
         <kind>archive</kind>
         <file>driverlib.lib</file>
         <name>uart.obj</name>
      </input_file>
      <input_file id="fl-142">
         <path>C:\ti\TivaWare_C_Series-2.1.0.12573\examples\boards\ek-tm4c123gxl-boostxl-senshub\compdcm_mpu9150\ccs\..\..\..\..\..\driverlib\ccs\Debug\</path>
         <kind>archive</kind>
         <file>driverlib.lib</file>
         <name>sysctl.obj</name>
      </input_file>
      <input_file id="fl-143">
         <path>C:\ti\TivaWare_C_Series-2.1.0.12573\examples\boards\ek-tm4c123gxl-boostxl-senshub\compdcm_mpu9150\ccs\..\..\..\..\..\driverlib\ccs\Debug\</path>
         <kind>archive</kind>
         <file>driverlib.lib</file>
         <name>interrupt.obj</name>
      </input_file>
      <input_file id="fl-144">
         <path>C:\ti\TivaWare_C_Series-2.1.0.12573\examples\boards\ek-tm4c123gxl-boostxl-senshub\compdcm_mpu9150\ccs\..\..\..\..\..\driverlib\ccs\Debug\</path>
         <kind>archive</kind>
         <file>driverlib.lib</file>
         <name>gpio.obj</name>
      </input_file>
      <input_file id="fl-145">
         <path>C:\ti\TivaWare_C_Series-2.1.0.12573\examples\boards\ek-tm4c123gxl-boostxl-senshub\compdcm_mpu9150\ccs\..\..\..\..\..\driverlib\ccs\Debug\</path>
         <kind>archive</kind>
         <file>driverlib.lib</file>
         <name>cpu.obj</name>
      </input_file>
      <input_file id="fl-146">
         <path>C:\ti\TivaWare_C_Series-2.1.0.12573\examples\boards\ek-tm4c123gxl-boostxl-senshub\compdcm_mpu9150\ccs\..\..\..\..\..\sensorlib\ccs\Debug\</path>
         <kind>archive</kind>
         <file>sensorlib.lib</file>
         <name>mpu9150.obj</name>
      </input_file>
      <input_file id="fl-147">
         <path>C:\ti\TivaWare_C_Series-2.1.0.12573\examples\boards\ek-tm4c123gxl-boostxl-senshub\compdcm_mpu9150\ccs\..\..\..\..\..\sensorlib\ccs\Debug\</path>
         <kind>archive</kind>
         <file>sensorlib.lib</file>
         <name>i2cm_drv.obj</name>
      </input_file>
      <input_file id="fl-148">
         <path>C:\ti\TivaWare_C_Series-2.1.0.12573\examples\boards\ek-tm4c123gxl-boostxl-senshub\compdcm_mpu9150\ccs\..\..\..\..\..\sensorlib\ccs\Debug\</path>
         <kind>archive</kind>
         <file>sensorlib.lib</file>
         <name>comp_dcm.obj</name>
      </input_file>
      <input_file id="fl-149">
         <path>C:\ti\TivaWare_C_Series-2.1.0.12573\examples\boards\ek-tm4c123gxl-boostxl-senshub\compdcm_mpu9150\ccs\..\..\..\..\..\sensorlib\ccs\Debug\</path>
         <kind>archive</kind>
         <file>sensorlib.lib</file>
         <name>vector.obj</name>
      </input_file>
      <input_file id="fl-14a">
         <path>C:\ti\ccsv5\tools\compiler\arm_5.1.1\lib\</path>
         <kind>archive</kind>
         <file>rtsv7M4_T_le_v4SPD16_eabi.lib</file>
         <name>asinf.obj</name>
      </input_file>
      <input_file id="fl-14b">
         <path>C:\ti\ccsv5\tools\compiler\arm_5.1.1\lib\</path>
         <kind>archive</kind>
         <file>rtsv7M4_T_le_v4SPD16_eabi.lib</file>
         <name>atan2f.obj</name>
      </input_file>
      <input_file id="fl-14c">
         <path>C:\ti\ccsv5\tools\compiler\arm_5.1.1\lib\</path>
         <kind>archive</kind>
         <file>rtsv7M4_T_le_v4SPD16_eabi.lib</file>
         <name>fd_add_t2.obj</name>
      </input_file>
      <input_file id="fl-14d">
         <path>C:\ti\ccsv5\tools\compiler\arm_5.1.1\lib\</path>
         <kind>archive</kind>
         <file>rtsv7M4_T_le_v4SPD16_eabi.lib</file>
         <name>fd_mul_t2.obj</name>
      </input_file>
      <input_file id="fl-14e">
         <path>C:\ti\ccsv5\tools\compiler\arm_5.1.1\lib\</path>
         <kind>archive</kind>
         <file>rtsv7M4_T_le_v4SPD16_eabi.lib</file>
         <name>fd_tos_t2.obj</name>
      </input_file>
      <input_file id="fl-14f">
         <path>C:\ti\ccsv5\tools\compiler\arm_5.1.1\lib\</path>
         <kind>archive</kind>
         <file>rtsv7M4_T_le_v4SPD16_eabi.lib</file>
         <name>fs_tod_t2.obj</name>
      </input_file>
      <input_file id="fl-150">
         <path>C:\ti\ccsv5\tools\compiler\arm_5.1.1\lib\</path>
         <kind>archive</kind>
         <file>rtsv7M4_T_le_v4SPD16_eabi.lib</file>
         <name>sqrtf.obj</name>
      </input_file>
      <input_file id="fl-151">
         <path>C:\ti\ccsv5\tools\compiler\arm_5.1.1\lib\</path>
         <kind>archive</kind>
         <file>rtsv7M4_T_le_v4SPD16_eabi.lib</file>
         <name>xfatan.obj</name>
      </input_file>
      <input_file id="fl-152">
         <path>C:\ti\ccsv5\tools\compiler\arm_5.1.1\lib\</path>
         <kind>archive</kind>
         <file>rtsv7M4_T_le_v4SPD16_eabi.lib</file>
         <name>xfdclass.obj</name>
      </input_file>
      <input_file id="fl-153">
         <path>C:\ti\ccsv5\tools\compiler\arm_5.1.1\lib\</path>
         <kind>archive</kind>
         <file>rtsv7M4_T_le_v4SPD16_eabi.lib</file>
         <name>xfdtest.obj</name>
      </input_file>
      <input_file id="fl-154">
         <path>C:\ti\ccsv5\tools\compiler\arm_5.1.1\lib\</path>
         <kind>archive</kind>
         <file>rtsv7M4_T_le_v4SPD16_eabi.lib</file>
         <name>xferaise.obj</name>
      </input_file>
      <input_file id="fl-155">
         <path>C:\ti\ccsv5\tools\compiler\arm_5.1.1\lib\</path>
         <kind>archive</kind>
         <file>rtsv7M4_T_le_v4SPD16_eabi.lib</file>
         <name>xfvalues.obj</name>
      </input_file>
      <input_file id="fl-156">
         <path>C:\ti\ccsv5\tools\compiler\arm_5.1.1\lib\</path>
         <kind>archive</kind>
         <file>rtsv7M4_T_le_v4SPD16_eabi.lib</file>
         <name>errno.obj</name>
      </input_file>
      <input_file id="fl-157">
         <path>C:\ti\ccsv5\tools\compiler\arm_5.1.1\lib\</path>
         <kind>archive</kind>
         <file>rtsv7M4_T_le_v4SPD16_eabi.lib</file>
         <name>feraiseexcept.obj</name>
      </input_file>
      <input_file id="fl-158">
         <path>C:\ti\ccsv5\tools\compiler\arm_5.1.1\lib\</path>
         <kind>archive</kind>
         <file>rtsv7M4_T_le_v4SPD16_eabi.lib</file>
         <name>raise.obj</name>
      </input_file>
      <input_file id="fl-159">
         <path>C:\ti\ccsv5\tools\compiler\arm_5.1.1\lib\</path>
         <kind>archive</kind>
         <file>rtsv7M4_T_le_v4SPD16_eabi.lib</file>
         <name>signal.obj</name>
      </input_file>
      <input_file id="fl-15a">
         <path>C:\ti\TivaWare_C_Series-2.1.0.12573\examples\boards\ek-tm4c123gxl-boostxl-senshub\compdcm_mpu9150\ccs\..\..\..\..\..\driverlib\ccs\Debug\</path>
         <kind>archive</kind>
         <file>driverlib.lib</file>
         <name>i2c.obj</name>
      </input_file>
   </input_file_list>
   <object_component_list>
      <object_component id="oc-e">
         <name>.intvecs</name>
         <load_address>0x0</load_address>
         <run_address>0x0</run_address>
         <size>0x26c</size>
         <input_file_ref idref="fl-4"/>
      </object_component>
      <object_component id="oc-da">
         <name>.text:main</name>
         <load_address>0x26c</load_address>
         <run_address>0x26c</run_address>
         <size>0x711</size>
         <input_file_ref idref="fl-5"/>
      </object_component>
      <object_component id="oc-2e">
         <name>.text:FaultISR</name>
         <load_address>0x97e</load_address>
         <run_address>0x97e</run_address>
         <size>0x2</size>
         <input_file_ref idref="fl-4"/>
      </object_component>
      <object_component id="oc-221">
         <name>.text:CompDCMUpdate</name>
         <load_address>0x980</load_address>
         <run_address>0x980</run_address>
         <size>0x294</size>
         <input_file_ref idref="fl-148"/>
      </object_component>
      <object_component id="oc-2c7">
         <name>.text:UARTvprintf</name>
         <load_address>0xc14</load_address>
         <run_address>0xc14</run_address>
         <size>0x1ea</size>
         <input_file_ref idref="fl-3"/>
      </object_component>
      <object_component id="oc-22b">
         <name>.text:CompDCMComputeQuaternion</name>
         <load_address>0xdfe</load_address>
         <run_address>0xdfe</run_address>
         <size>0x1c8</size>
         <input_file_ref idref="fl-148"/>
      </object_component>
      <object_component id="oc-34c">
         <name>.text</name>
         <load_address>0xfc6</load_address>
         <run_address>0xfc6</run_address>
         <size>0x1b6</size>
         <input_file_ref idref="fl-14c"/>
      </object_component>
      <object_component id="oc-10d">
         <name>.text:MPU9150Callback</name>
         <load_address>0x117c</load_address>
         <run_address>0x117c</run_address>
         <size>0x180</size>
         <input_file_ref idref="fl-146"/>
      </object_component>
      <object_component id="oc-3d">
         <name>.text:UARTStdioIntHandler</name>
         <load_address>0x12fc</load_address>
         <run_address>0x12fc</run_address>
         <size>0x15c</size>
         <input_file_ref idref="fl-3"/>
      </object_component>
      <object_component id="oc-2e2">
         <name>.text:GPIOPadConfigSet</name>
         <load_address>0x1458</load_address>
         <run_address>0x1458</run_address>
         <size>0x130</size>
         <input_file_ref idref="fl-144"/>
      </object_component>
      <object_component id="oc-1d6">
         <name>.text:SysCtlClockGet</name>
         <load_address>0x1588</load_address>
         <run_address>0x1588</run_address>
         <size>0x118</size>
         <input_file_ref idref="fl-142"/>
      </object_component>
      <object_component id="oc-195">
         <name>.text:RGBInit</name>
         <load_address>0x16a0</load_address>
         <run_address>0x16a0</run_address>
         <size>0x100</size>
         <input_file_ref idref="fl-2"/>
      </object_component>
      <object_component id="oc-324">
         <name>.text</name>
         <load_address>0x17a0</load_address>
         <run_address>0x17a0</run_address>
         <size>0xfc</size>
         <input_file_ref idref="fl-14d"/>
      </object_component>
      <object_component id="oc-be">
         <name>.text:I2CMIntHandler</name>
         <load_address>0x189c</load_address>
         <run_address>0x189c</run_address>
         <size>0xf2</size>
         <input_file_ref idref="fl-147"/>
      </object_component>
      <object_component id="oc-33">
         <name>.text:IntDefaultHandler</name>
         <load_address>0x198e</load_address>
         <run_address>0x198e</run_address>
         <size>0x2</size>
         <input_file_ref idref="fl-4"/>
      </object_component>
      <object_component id="oc-181">
         <name>.text:SysCtlClockSet</name>
         <load_address>0x1990</load_address>
         <run_address>0x1990</run_address>
         <size>0xf0</size>
         <input_file_ref idref="fl-142"/>
      </object_component>
      <object_component id="oc-356">
         <name>.text</name>
         <load_address>0x1a80</load_address>
         <run_address>0x1a80</run_address>
         <size>0xd8</size>
         <input_file_ref idref="fl-14b"/>
      </object_component>
      <object_component id="oc-cb">
         <name>.text:RGBEnable</name>
         <load_address>0x1b58</load_address>
         <run_address>0x1b58</run_address>
         <size>0xc0</size>
         <input_file_ref idref="fl-2"/>
      </object_component>
      <object_component id="oc-218">
         <name>.text:CompDCMStart</name>
         <load_address>0x1c18</load_address>
         <run_address>0x1c18</run_address>
         <size>0xb0</size>
         <input_file_ref idref="fl-148"/>
      </object_component>
      <object_component id="oc-2c1">
         <name>.text:UARTStdioConfig</name>
         <load_address>0x1cc8</load_address>
         <run_address>0x1cc8</run_address>
         <size>0xb0</size>
         <input_file_ref idref="fl-3"/>
      </object_component>
      <object_component id="oc-35b">
         <name>.text</name>
         <load_address>0x1d78</load_address>
         <run_address>0x1d78</run_address>
         <size>0xb0</size>
         <input_file_ref idref="fl-14a"/>
      </object_component>
      <object_component id="oc-307">
         <name>.text:MPU9150AppErrorHandler</name>
         <load_address>0x1e28</load_address>
         <run_address>0x1e28</run_address>
         <size>0xa8</size>
         <input_file_ref idref="fl-5"/>
      </object_component>
      <object_component id="oc-a8">
         <name>.text:UARTwrite</name>
         <load_address>0x1ed0</load_address>
         <run_address>0x1ed0</run_address>
         <size>0xa8</size>
         <input_file_ref idref="fl-3"/>
      </object_component>
      <object_component id="oc-3ca">
         <name>.text</name>
         <load_address>0x1f78</load_address>
         <run_address>0x1f78</run_address>
         <size>0xa8</size>
         <input_file_ref idref="fl-151"/>
      </object_component>
      <object_component id="oc-204">
         <name>.text:MPU9150DataMagnetoGetFloat</name>
         <load_address>0x2020</load_address>
         <run_address>0x2020</run_address>
         <size>0xa4</size>
         <input_file_ref idref="fl-146"/>
      </object_component>
      <object_component id="oc-1ea">
         <name>.text:MPU9150Write</name>
         <load_address>0x20c4</load_address>
         <run_address>0x20c4</run_address>
         <size>0xa0</size>
         <input_file_ref idref="fl-146"/>
      </object_component>
      <object_component id="oc-60">
         <name>.text</name>
         <load_address>0x2164</load_address>
         <run_address>0x2164</run_address>
         <size>0x9c</size>
         <input_file_ref idref="fl-13a"/>
      </object_component>
      <object_component id="oc-16f">
         <name>.text:I2CMStateIdle</name>
         <load_address>0x2200</load_address>
         <run_address>0x2200</run_address>
         <size>0x98</size>
         <input_file_ref idref="fl-147"/>
      </object_component>
      <object_component id="oc-4f">
         <name>.text</name>
         <load_address>0x2298</load_address>
         <run_address>0x2298</run_address>
         <size>0x94</size>
         <input_file_ref idref="fl-13f"/>
      </object_component>
      <object_component id="oc-19a">
         <name>.text:RGBColorSet</name>
         <load_address>0x232c</load_address>
         <run_address>0x232c</run_address>
         <size>0x90</size>
         <input_file_ref idref="fl-2"/>
      </object_component>
      <object_component id="oc-18b">
         <name>.text:ConfigureUART</name>
         <load_address>0x23bc</load_address>
         <run_address>0x23bc</run_address>
         <size>0x8c</size>
         <input_file_ref idref="fl-5"/>
      </object_component>
      <object_component id="oc-9e">
         <name>.text:UARTPrimeTransmit</name>
         <load_address>0x2448</load_address>
         <run_address>0x2448</run_address>
         <size>0x8c</size>
         <input_file_ref idref="fl-3"/>
      </object_component>
      <object_component id="oc-108">
         <name>.text:I2CMCommand</name>
         <load_address>0x24d4</load_address>
         <run_address>0x24d4</run_address>
         <size>0x84</size>
         <input_file_ref idref="fl-147"/>
      </object_component>
      <object_component id="oc-1fa">
         <name>.text:MPU9150DataAccelGetFloat</name>
         <load_address>0x2558</load_address>
         <run_address>0x2558</run_address>
         <size>0x78</size>
         <input_file_ref idref="fl-146"/>
      </object_component>
      <object_component id="oc-1ff">
         <name>.text:MPU9150DataGyroGetFloat</name>
         <load_address>0x25d0</load_address>
         <run_address>0x25d0</run_address>
         <size>0x78</size>
         <input_file_ref idref="fl-146"/>
      </object_component>
      <object_component id="oc-1f4">
         <name>.text:RGBBlinkRateSet</name>
         <load_address>0x2648</load_address>
         <run_address>0x2648</run_address>
         <size>0x78</size>
         <input_file_ref idref="fl-2"/>
      </object_component>
      <object_component id="oc-1e0">
         <name>.text:MPU9150Init</name>
         <load_address>0x26c0</load_address>
         <run_address>0x26c0</run_address>
         <size>0x6c</size>
         <input_file_ref idref="fl-146"/>
      </object_component>
      <object_component id="oc-c6">
         <name>.text:RGBDisable</name>
         <load_address>0x272c</load_address>
         <run_address>0x272c</run_address>
         <size>0x68</size>
         <input_file_ref idref="fl-2"/>
      </object_component>
      <object_component id="oc-24b">
         <name>.text:IntIsEnabled</name>
         <load_address>0x2794</load_address>
         <run_address>0x2794</run_address>
         <size>0x64</size>
         <input_file_ref idref="fl-143"/>
      </object_component>
      <object_component id="oc-250">
         <name>.text:IntDisable</name>
         <load_address>0x27f8</load_address>
         <run_address>0x27f8</run_address>
         <size>0x60</size>
         <input_file_ref idref="fl-143"/>
      </object_component>
      <object_component id="oc-1c2">
         <name>.text:IntEnable</name>
         <load_address>0x2858</load_address>
         <run_address>0x2858</run_address>
         <size>0x60</size>
         <input_file_ref idref="fl-143"/>
      </object_component>
      <object_component id="oc-8c">
         <name>.text:MPU9150DataRead</name>
         <load_address>0x28b8</load_address>
         <run_address>0x28b8</run_address>
         <size>0x60</size>
         <input_file_ref idref="fl-146"/>
      </object_component>
      <object_component id="oc-160">
         <name>.text:I2CMStateWritePause</name>
         <load_address>0x2918</load_address>
         <run_address>0x2918</run_address>
         <size>0x5e</size>
         <input_file_ref idref="fl-147"/>
      </object_component>
      <object_component id="oc-72">
         <name>.text</name>
         <load_address>0x2976</load_address>
         <run_address>0x2976</run_address>
         <size>0x5e</size>
         <input_file_ref idref="fl-136"/>
      </object_component>
      <object_component id="oc-30f">
         <name>.text:I2CMWrite8</name>
         <load_address>0x29d4</load_address>
         <run_address>0x29d4</run_address>
         <size>0x58</size>
         <input_file_ref idref="fl-147"/>
      </object_component>
      <object_component id="oc-1bd">
         <name>.text:GPIOIntTypeSet</name>
         <load_address>0x2a2c</load_address>
         <run_address>0x2a2c</run_address>
         <size>0x56</size>
         <input_file_ref idref="fl-144"/>
      </object_component>
      <object_component id="oc-330">
         <name>.text:VectorCrossProduct</name>
         <load_address>0x2a82</load_address>
         <run_address>0x2a82</run_address>
         <size>0x56</size>
         <input_file_ref idref="fl-149"/>
      </object_component>
      <object_component id="oc-317">
         <name>.text</name>
         <load_address>0x2ad8</load_address>
         <run_address>0x2ad8</run_address>
         <size>0x50</size>
         <input_file_ref idref="fl-139"/>
      </object_component>
      <object_component id="oc-165">
         <name>.text:I2CMStateWriteFinal</name>
         <load_address>0x2b28</load_address>
         <run_address>0x2b28</run_address>
         <size>0x4e</size>
         <input_file_ref idref="fl-147"/>
      </object_component>
      <object_component id="oc-328">
         <name>.text</name>
         <load_address>0x2b76</load_address>
         <run_address>0x2b76</run_address>
         <size>0x4a</size>
         <input_file_ref idref="fl-14e"/>
      </object_component>
      <object_component id="oc-1a4">
         <name>.text:GPIOPinConfigure</name>
         <load_address>0x2bc0</load_address>
         <run_address>0x2bc0</run_address>
         <size>0x48</size>
         <input_file_ref idref="fl-144"/>
      </object_component>
      <object_component id="oc-151">
         <name>.text:I2CMStateReadNext</name>
         <load_address>0x2c08</load_address>
         <run_address>0x2c08</run_address>
         <size>0x48</size>
         <input_file_ref idref="fl-147"/>
      </object_component>
      <object_component id="oc-2fb">
         <name>.text:I2CMasterInitExpClk</name>
         <load_address>0x2c50</load_address>
         <run_address>0x2c50</run_address>
         <size>0x48</size>
         <input_file_ref idref="fl-15a"/>
      </object_component>
      <object_component id="oc-10">
         <name>.text</name>
         <load_address>0x2c98</load_address>
         <run_address>0x2c98</run_address>
         <size>0x48</size>
         <input_file_ref idref="fl-134"/>
      </object_component>
      <object_component id="oc-16a">
         <name>.text:I2CMStateWriteNext</name>
         <load_address>0x2ce0</load_address>
         <run_address>0x2ce0</run_address>
         <size>0x46</size>
         <input_file_ref idref="fl-147"/>
      </object_component>
      <object_component id="oc-29">
         <name>.text:NmiSR</name>
         <load_address>0x2d26</load_address>
         <run_address>0x2d26</run_address>
         <size>0x2</size>
         <input_file_ref idref="fl-4"/>
      </object_component>
      <object_component id="oc-1ef">
         <name>.text:CompDCMInit</name>
         <load_address>0x2d28</load_address>
         <run_address>0x2d28</run_address>
         <size>0x44</size>
         <input_file_ref idref="fl-148"/>
      </object_component>
      <object_component id="oc-13d">
         <name>.text:I2CMStateCallback</name>
         <load_address>0x2d6c</load_address>
         <run_address>0x2d6c</run_address>
         <size>0x44</size>
         <input_file_ref idref="fl-147"/>
      </object_component>
      <object_component id="oc-1c7">
         <name>.text:SysCtlPeripheralClockGating</name>
         <load_address>0x2db0</load_address>
         <run_address>0x2db0</run_address>
         <size>0x44</size>
         <input_file_ref idref="fl-142"/>
      </object_component>
      <object_component id="oc-d4">
         <name>.text</name>
         <load_address>0x2df4</load_address>
         <run_address>0x2df4</run_address>
         <size>0x44</size>
         <input_file_ref idref="fl-140"/>
      </object_component>
      <object_component id="oc-58">
         <name>.text</name>
         <load_address>0x2e38</load_address>
         <run_address>0x2e38</run_address>
         <size>0x44</size>
         <input_file_ref idref="fl-138"/>
      </object_component>
      <object_component id="oc-226">
         <name>.text:CompDCMComputeEulers</name>
         <load_address>0x2e7c</load_address>
         <run_address>0x2e7c</run_address>
         <size>0x42</size>
         <input_file_ref idref="fl-148"/>
      </object_component>
      <object_component id="oc-384">
         <name>.text</name>
         <load_address>0x2ebe</load_address>
         <run_address>0x2ebe</run_address>
         <size>0x42</size>
         <input_file_ref idref="fl-13c"/>
      </object_component>
      <object_component id="oc-40b">
         <name>.text</name>
         <load_address>0x2f00</load_address>
         <run_address>0x2f00</run_address>
         <size>0x40</size>
         <input_file_ref idref="fl-159"/>
      </object_component>
      <object_component id="oc-14c">
         <name>.text:I2CMStateReadFinal</name>
         <load_address>0x2f40</load_address>
         <run_address>0x2f40</run_address>
         <size>0x3e</size>
         <input_file_ref idref="fl-147"/>
      </object_component>
      <object_component id="oc-147">
         <name>.text:I2CMStateReadPause</name>
         <load_address>0x2f7e</load_address>
         <run_address>0x2f7e</run_address>
         <size>0x3e</size>
         <input_file_ref idref="fl-147"/>
      </object_component>
      <object_component id="oc-37d">
         <name>.text:UARTFlushTx</name>
         <load_address>0x2fbc</load_address>
         <run_address>0x2fbc</run_address>
         <size>0x3c</size>
         <input_file_ref idref="fl-3"/>
      </object_component>
      <object_component id="oc-3a2">
         <name>.text:I2CMWrite8Callback</name>
         <load_address>0x2ff8</load_address>
         <run_address>0x2ff8</run_address>
         <size>0x38</size>
         <input_file_ref idref="fl-147"/>
      </object_component>
      <object_component id="oc-47">
         <name>.text:RGBBlinkIntHandler</name>
         <load_address>0x3030</load_address>
         <run_address>0x3030</run_address>
         <size>0x38</size>
         <input_file_ref idref="fl-2"/>
      </object_component>
      <object_component id="oc-320">
         <name>.text</name>
         <load_address>0x3068</load_address>
         <run_address>0x3068</run_address>
         <size>0x38</size>
         <input_file_ref idref="fl-14f"/>
      </object_component>
      <object_component id="oc-1db">
         <name>.text:I2CMInit</name>
         <load_address>0x30a0</load_address>
         <run_address>0x30a0</run_address>
         <size>0x34</size>
         <input_file_ref idref="fl-147"/>
      </object_component>
      <object_component id="oc-38">
         <name>.text:IntGPIOb</name>
         <load_address>0x30d4</load_address>
         <run_address>0x30d4</run_address>
         <size>0x34</size>
         <input_file_ref idref="fl-5"/>
      </object_component>
      <object_component id="oc-186">
         <name>.text:SysCtlPeripheralEnable</name>
         <load_address>0x3108</load_address>
         <run_address>0x3108</run_address>
         <size>0x34</size>
         <input_file_ref idref="fl-142"/>
      </object_component>
      <object_component id="oc-1cc">
         <name>.text:SysCtlPeripheralSleepEnable</name>
         <load_address>0x313c</load_address>
         <run_address>0x313c</run_address>
         <size>0x34</size>
         <input_file_ref idref="fl-142"/>
      </object_component>
      <object_component id="oc-3e1">
         <name>.text</name>
         <load_address>0x3170</load_address>
         <run_address>0x3170</run_address>
         <size>0x34</size>
         <input_file_ref idref="fl-157"/>
      </object_component>
      <object_component id="oc-3c4">
         <name>.text</name>
         <load_address>0x31a4</load_address>
         <run_address>0x31a4</run_address>
         <size>0x34</size>
         <input_file_ref idref="fl-153"/>
      </object_component>
      <object_component id="oc-347">
         <name>.text:VectorAdd</name>
         <load_address>0x31d8</load_address>
         <run_address>0x31d8</run_address>
         <size>0x32</size>
         <input_file_ref idref="fl-149"/>
      </object_component>
      <object_component id="oc-3d9">
         <name>.text:I2CMTransferResume</name>
         <load_address>0x320a</load_address>
         <run_address>0x320a</run_address>
         <size>0x30</size>
         <input_file_ref idref="fl-147"/>
      </object_component>
      <object_component id="oc-3b8">
         <name>.text</name>
         <load_address>0x323c</load_address>
         <run_address>0x323c</run_address>
         <size>0x30</size>
         <input_file_ref idref="fl-154"/>
      </object_component>
      <object_component id="oc-3fc">
         <name>.text</name>
         <load_address>0x326c</load_address>
         <run_address>0x326c</run_address>
         <size>0x2e</size>
         <input_file_ref idref="fl-158"/>
      </object_component>
      <object_component id="oc-1e5">
         <name>.text:MPU9150AppI2CWait</name>
         <load_address>0x329c</load_address>
         <run_address>0x329c</run_address>
         <size>0x2c</size>
         <input_file_ref idref="fl-5"/>
      </object_component>
      <object_component id="oc-378">
         <name>.text:UARTFlushRx</name>
         <load_address>0x32c8</load_address>
         <run_address>0x32c8</run_address>
         <size>0x2c</size>
         <input_file_ref idref="fl-3"/>
      </object_component>
      <object_component id="oc-2dd">
         <name>.text:GPIODirModeSet</name>
         <load_address>0x32f4</load_address>
         <run_address>0x32f4</run_address>
         <size>0x2a</size>
         <input_file_ref idref="fl-144"/>
      </object_component>
      <object_component id="oc-156">
         <name>.text:I2CMStateReadFirst</name>
         <load_address>0x331e</load_address>
         <run_address>0x331e</run_address>
         <size>0x2a</size>
         <input_file_ref idref="fl-147"/>
      </object_component>
      <object_component id="oc-335">
         <name>.text:VectorDotProduct</name>
         <load_address>0x3348</load_address>
         <run_address>0x3348</run_address>
         <size>0x26</size>
         <input_file_ref idref="fl-149"/>
      </object_component>
      <object_component id="oc-33f">
         <name>.text:VectorScale</name>
         <load_address>0x336e</load_address>
         <run_address>0x336e</run_address>
         <size>0x26</size>
         <input_file_ref idref="fl-149"/>
      </object_component>
      <object_component id="oc-33a">
         <name>.text</name>
         <load_address>0x3394</load_address>
         <run_address>0x3394</run_address>
         <size>0x24</size>
         <input_file_ref idref="fl-150"/>
      </object_component>
      <object_component id="oc-15b">
         <name>.text:I2CMStateReadOne</name>
         <load_address>0x33b8</load_address>
         <run_address>0x33b8</run_address>
         <size>0x20</size>
         <input_file_ref idref="fl-147"/>
      </object_component>
      <object_component id="oc-190">
         <name>.text:UARTprintf</name>
         <load_address>0x33d8</load_address>
         <run_address>0x33d8</run_address>
         <size>0x1a</size>
         <input_file_ref idref="fl-3"/>
      </object_component>
      <object_component id="oc-142">
         <name>.text:I2CMStateReadWait</name>
         <load_address>0x33f2</load_address>
         <run_address>0x33f2</run_address>
         <size>0x18</size>
         <input_file_ref idref="fl-147"/>
      </object_component>
      <object_component id="oc-ad">
         <name>.text:IsBufferFull</name>
         <load_address>0x340a</load_address>
         <run_address>0x340a</run_address>
         <size>0x18</size>
         <input_file_ref idref="fl-3"/>
      </object_component>
      <object_component id="oc-93">
         <name>.text:MPU9150AppCallback</name>
         <load_address>0x3424</load_address>
         <run_address>0x3424</run_address>
         <size>0x18</size>
         <input_file_ref idref="fl-5"/>
      </object_component>
      <object_component id="oc-53">
         <name>.text</name>
         <load_address>0x343c</load_address>
         <run_address>0x343c</run_address>
         <size>0x18</size>
         <input_file_ref idref="fl-13e"/>
      </object_component>
      <object_component id="oc-19f">
         <name>.text:RGBIntensitySet</name>
         <load_address>0x3454</load_address>
         <run_address>0x3454</run_address>
         <size>0x14</size>
         <input_file_ref idref="fl-2"/>
      </object_component>
      <object_component id="oc-23d">
         <name>.text</name>
         <load_address>0x3468</load_address>
         <run_address>0x3468</run_address>
         <size>0x14</size>
         <input_file_ref idref="fl-13d"/>
      </object_component>
      <object_component id="oc-1b3">
         <name>.text:GPIOPinTypeGPIOInput</name>
         <load_address>0x347c</load_address>
         <run_address>0x347c</run_address>
         <size>0x12</size>
         <input_file_ref idref="fl-144"/>
      </object_component>
      <object_component id="oc-1ae">
         <name>.text:GPIOPinTypeI2C</name>
         <load_address>0x348e</load_address>
         <run_address>0x348e</run_address>
         <size>0x12</size>
         <input_file_ref idref="fl-144"/>
      </object_component>
      <object_component id="oc-1a9">
         <name>.text:GPIOPinTypeI2CSCL</name>
         <load_address>0x34a0</load_address>
         <run_address>0x34a0</run_address>
         <size>0x12</size>
         <input_file_ref idref="fl-144"/>
      </object_component>
      <object_component id="oc-2b7">
         <name>.text:GPIOPinTypeUART</name>
         <load_address>0x34b2</load_address>
         <run_address>0x34b2</run_address>
         <size>0x12</size>
         <input_file_ref idref="fl-144"/>
      </object_component>
      <object_component id="oc-19">
         <name>.text:decompress:ZI</name>
         <load_address>0x34c4</load_address>
         <run_address>0x34c4</run_address>
         <size>0x12</size>
         <input_file_ref idref="fl-137"/>
      </object_component>
      <object_component id="oc-20e">
         <name>.text:CompDCMAccelUpdate</name>
         <load_address>0x34d6</load_address>
         <run_address>0x34d6</run_address>
         <size>0xe</size>
         <input_file_ref idref="fl-148"/>
      </object_component>
      <object_component id="oc-213">
         <name>.text:CompDCMGyroUpdate</name>
         <load_address>0x34e4</load_address>
         <run_address>0x34e4</run_address>
         <size>0xe</size>
         <input_file_ref idref="fl-148"/>
      </object_component>
      <object_component id="oc-209">
         <name>.text:CompDCMMagnetoUpdate</name>
         <load_address>0x34f2</load_address>
         <run_address>0x34f2</run_address>
         <size>0xe</size>
         <input_file_ref idref="fl-148"/>
      </object_component>
      <object_component id="oc-82">
         <name>.text:GPIOIntStatus</name>
         <load_address>0x3500</load_address>
         <run_address>0x3500</run_address>
         <size>0xe</size>
         <input_file_ref idref="fl-144"/>
      </object_component>
      <object_component id="oc-a3">
         <name>.text:IsBufferEmpty</name>
         <load_address>0x350e</load_address>
         <run_address>0x350e</run_address>
         <size>0xe</size>
         <input_file_ref idref="fl-3"/>
      </object_component>
      <object_component id="oc-14">
         <name>.text:decompress:none</name>
         <load_address>0x351c</load_address>
         <run_address>0x351c</run_address>
         <size>0xe</size>
         <input_file_ref idref="fl-135"/>
      </object_component>
      <object_component id="oc-350">
         <name>.text</name>
         <load_address>0x352a</load_address>
         <run_address>0x352a</run_address>
         <size>0xe</size>
         <input_file_ref idref="fl-152"/>
      </object_component>
      <object_component id="oc-2f2">
         <name>.text:CPUcpsie</name>
         <load_address>0x3538</load_address>
         <run_address>0x3538</run_address>
         <size>0xc</size>
         <input_file_ref idref="fl-145"/>
      </object_component>
      <object_component id="oc-1b8">
         <name>.text:GPIOIntEnable</name>
         <load_address>0x3544</load_address>
         <run_address>0x3544</run_address>
         <size>0xc</size>
         <input_file_ref idref="fl-144"/>
      </object_component>
      <object_component id="oc-255">
         <name>.text:IntTrigger</name>
         <load_address>0x3550</load_address>
         <run_address>0x3550</run_address>
         <size>0xc</size>
         <input_file_ref idref="fl-143"/>
      </object_component>
      <object_component id="oc-42">
         <name>.text:MPU9150I2CIntHandler</name>
         <load_address>0x355c</load_address>
         <run_address>0x355c</run_address>
         <size>0xc</size>
         <input_file_ref idref="fl-5"/>
      </object_component>
      <object_component id="oc-398">
         <name>.text:I2CMasterEnable</name>
         <load_address>0x3568</load_address>
         <run_address>0x3568</run_address>
         <size>0xa</size>
         <input_file_ref idref="fl-15a"/>
      </object_component>
      <object_component id="oc-1d1">
         <name>.text:IntMasterEnable</name>
         <load_address>0x3572</load_address>
         <run_address>0x3572</run_address>
         <size>0xa</size>
         <input_file_ref idref="fl-143"/>
      </object_component>
      <object_component id="oc-133">
         <name>.text:I2CMasterIntClear</name>
         <load_address>0x357c</load_address>
         <run_address>0x357c</run_address>
         <size>0x8</size>
         <input_file_ref idref="fl-15a"/>
      </object_component>
      <object_component id="oc-300">
         <name>.text:I2CMasterIntEnableEx</name>
         <load_address>0x3584</load_address>
         <run_address>0x3584</run_address>
         <size>0x8</size>
         <input_file_ref idref="fl-15a"/>
      </object_component>
      <object_component id="oc-290">
         <name>.text:I2CMasterSlaveAddrSet</name>
         <load_address>0x358c</load_address>
         <run_address>0x358c</run_address>
         <size>0x8</size>
         <input_file_ref idref="fl-15a"/>
      </object_component>
      <object_component id="oc-87">
         <name>.text:GPIOIntClear</name>
         <load_address>0x3594</load_address>
         <run_address>0x3594</run_address>
         <size>0x6</size>
         <input_file_ref idref="fl-144"/>
      </object_component>
      <object_component id="oc-24">
         <name>.text:ResetISR</name>
         <load_address>0x359a</load_address>
         <run_address>0x359a</run_address>
         <size>0x6</size>
         <input_file_ref idref="fl-4"/>
      </object_component>
      <object_component id="oc-2b3">
         <name>.text:SysCtlDelay</name>
         <load_address>0x35a0</load_address>
         <run_address>0x35a0</run_address>
         <size>0x6</size>
         <input_file_ref idref="fl-142"/>
      </object_component>
      <object_component id="oc-2bc">
         <name>.text:UARTClockSourceSet</name>
         <load_address>0x35a6</load_address>
         <run_address>0x35a6</run_address>
         <size>0x6</size>
         <input_file_ref idref="fl-141"/>
      </object_component>
      <object_component id="oc-1e">
         <name>.text:decompress:rle24</name>
         <load_address>0x35ac</load_address>
         <run_address>0x35ac</run_address>
         <size>0x6</size>
         <input_file_ref idref="fl-136"/>
      </object_component>
      <object_component id="oc-230">
         <name>.text:CPUwfi</name>
         <load_address>0x35b2</load_address>
         <run_address>0x35b2</run_address>
         <size>0x4</size>
         <input_file_ref idref="fl-145"/>
      </object_component>
      <object_component id="oc-138">
         <name>.text:I2CMasterControl</name>
         <load_address>0x35b6</load_address>
         <run_address>0x35b6</run_address>
         <size>0x4</size>
         <input_file_ref idref="fl-15a"/>
      </object_component>
      <object_component id="oc-287">
         <name>.text:I2CMasterDataGet</name>
         <load_address>0x35ba</load_address>
         <run_address>0x35ba</run_address>
         <size>0x4</size>
         <input_file_ref idref="fl-15a"/>
      </object_component>
      <object_component id="oc-297">
         <name>.text:I2CMasterDataPut</name>
         <load_address>0x35be</load_address>
         <run_address>0x35be</run_address>
         <size>0x4</size>
         <input_file_ref idref="fl-15a"/>
      </object_component>
      <object_component id="oc-2da">
         <name>.const:g_pui32GPIOBaseAddrs</name>
         <load_address>0x35c4</load_address>
         <run_address>0x35c4</run_address>
         <size>0x90</size>
         <input_file_ref idref="fl-144"/>
      </object_component>
      <object_component id="oc-2ec">
         <name>.const</name>
         <load_address>0x3654</load_address>
         <run_address>0x3654</run_address>
         <size>0x70</size>
         <input_file_ref idref="fl-143"/>
      </object_component>
      <object_component id="oc-2f8">
         <name>.const:g_pui32Xtals</name>
         <load_address>0x36c4</load_address>
         <run_address>0x36c4</run_address>
         <size>0x6c</size>
         <input_file_ref idref="fl-142"/>
      </object_component>
      <object_component id="oc-3f4">
         <name>.const</name>
         <load_address>0x3730</load_address>
         <run_address>0x3730</run_address>
         <size>0x34</size>
         <input_file_ref idref="fl-151"/>
      </object_component>
      <object_component id="oc-125">
         <name>.const</name>
         <load_address>0x3764</load_address>
         <run_address>0x3764</run_address>
         <size>0x28</size>
         <input_file_ref idref="fl-3"/>
      </object_component>
      <object_component id="oc-31c">
         <name>.const</name>
         <load_address>0x378c</load_address>
         <run_address>0x378c</run_address>
         <size>0x20</size>
         <input_file_ref idref="fl-146"/>
      </object_component>
      <object_component id="oc-27e">
         <name>.const:.string</name>
         <load_address>0x37ac</load_address>
         <run_address>0x37ac</run_address>
         <size>0x12</size>
         <input_file_ref idref="fl-3"/>
      </object_component>
      <object_component id="oc-449">
         <name>.cinit..data.load</name>
         <load_address>0x37c0</load_address>
         <run_address>0x37c0</run_address>
         <size>0x3f</size>
      </object_component>
      <object_component id="oc-447">
         <name>__TI_handler_table</name>
         <load_address>0x3800</load_address>
         <run_address>0x3800</run_address>
         <size>0xc</size>
      </object_component>
      <object_component id="oc-44a">
         <name>.cinit..bss.load</name>
         <load_address>0x3810</load_address>
         <run_address>0x3810</run_address>
         <size>0x8</size>
      </object_component>
      <object_component id="oc-448">
         <name>__TI_cinit_table</name>
         <load_address>0x3818</load_address>
         <run_address>0x3818</run_address>
         <size>0x10</size>
      </object_component>
      <object_component id="oc-5d">
         <name>.data</name>
         <load_address>0x200027e8</load_address>
         <run_address>0x200027e8</run_address>
         <size>0x4</size>
         <input_file_ref idref="fl-13b"/>
      </object_component>
      <object_component id="oc-b2">
         <name>.data</name>
         <load_address>0x200027b0</load_address>
         <run_address>0x200027b0</run_address>
         <size>0x15</size>
         <input_file_ref idref="fl-3"/>
      </object_component>
      <object_component id="oc-e1">
         <name>.data</name>
         <load_address>0x200027c8</load_address>
         <run_address>0x200027c8</run_address>
         <size>0x8</size>
         <input_file_ref idref="fl-13d"/>
      </object_component>
      <object_component id="oc-e3">
         <name>.data</name>
         <load_address>0x200027d0</load_address>
         <run_address>0x200027d0</run_address>
         <size>0x8</size>
         <input_file_ref idref="fl-138"/>
      </object_component>
      <object_component id="oc-2d4">
         <name>.data</name>
         <load_address>0x200027e0</load_address>
         <run_address>0x200027e0</run_address>
         <size>0x4</size>
         <input_file_ref idref="fl-2"/>
      </object_component>
      <object_component id="oc-3bd">
         <name>.data</name>
         <load_address>0x20002748</load_address>
         <run_address>0x20002748</run_address>
         <size>0x68</size>
         <input_file_ref idref="fl-155"/>
      </object_component>
      <object_component id="oc-3e6">
         <name>.data</name>
         <load_address>0x200027e4</load_address>
         <run_address>0x200027e4</run_address>
         <size>0x4</size>
         <input_file_ref idref="fl-156"/>
      </object_component>
      <object_component id="oc-401">
         <name>.data</name>
         <load_address>0x200027d8</load_address>
         <run_address>0x200027d8</run_address>
         <size>0x8</size>
         <input_file_ref idref="fl-157"/>
      </object_component>
      <object_component id="oc-41c">
         <name>.data:sigtable</name>
         <load_address>0x20002698</load_address>
         <run_address>0x20002698</run_address>
         <size>0xb0</size>
         <input_file_ref idref="fl-159"/>
      </object_component>
      <object_component id="oc-91">
         <name>.bss:g_sMPU9150Inst</name>
         <uninitialized>true</uninitialized>
         <run_address>0x200025a4</run_address>
         <size>0x6c</size>
         <input_file_ref idref="fl-5"/>
      </object_component>
      <object_component id="oc-b6">
         <name>.bss:g_pcUARTRxBuffer</name>
         <uninitialized>true</uninitialized>
         <run_address>0x20002524</run_address>
         <size>0x80</size>
         <input_file_ref idref="fl-3"/>
      </object_component>
      <object_component id="oc-c3">
         <name>.bss:g_sI2CInst</name>
         <uninitialized>true</uninitialized>
         <run_address>0x20002400</run_address>
         <size>0x124</size>
         <input_file_ref idref="fl-5"/>
      </object_component>
      <object_component id="oc-127">
         <name>.bss:g_pcUARTTxBuffer</name>
         <uninitialized>true</uninitialized>
         <run_address>0x20002000</run_address>
         <size>0x400</size>
         <input_file_ref idref="fl-3"/>
      </object_component>
      <object_component id="oc-21d">
         <name>.bss:g_sCompDCMInst</name>
         <uninitialized>true</uninitialized>
         <run_address>0x20002610</run_address>
         <size>0x58</size>
         <input_file_ref idref="fl-5"/>
      </object_component>
      <object_component id="oc-b4">
         <name>.common:g_bDisableEcho</name>
         <uninitialized>true</uninitialized>
         <run_address>0x20002694</run_address>
         <size>0x1</size>
      </object_component>
      <object_component id="oc-382">
         <name>.common:g_ui32PortNum</name>
         <uninitialized>true</uninitialized>
         <run_address>0x20002680</run_address>
         <size>0x4</size>
      </object_component>
      <object_component id="oc-2d8">
         <name>.common:g_ui32Colors</name>
         <uninitialized>true</uninitialized>
         <run_address>0x20002674</run_address>
         <size>0xc</size>
      </object_component>
      <object_component id="oc-d0">
         <name>.common:ulFlags$1</name>
         <uninitialized>true</uninitialized>
         <run_address>0x20002690</run_address>
         <size>0x4</size>
      </object_component>
      <object_component id="oc-3a0">
         <name>.common:g_pui32Colors</name>
         <uninitialized>true</uninitialized>
         <run_address>0x20002668</run_address>
         <size>0xc</size>
      </object_component>
      <object_component id="oc-30c">
         <name>.common:g_vui8I2CDoneFlag</name>
         <uninitialized>true</uninitialized>
         <run_address>0x2000268c</run_address>
         <size>0x4</size>
      </object_component>
      <object_component id="oc-39f">
         <name>.common:g_vui8ErrorFlag</name>
         <uninitialized>true</uninitialized>
         <run_address>0x20002688</run_address>
         <size>0x4</size>
      </object_component>
      <object_component id="oc-21f">
         <name>.common:g_ui32PrintSkipCounter</name>
         <uninitialized>true</uninitialized>
         <run_address>0x20002684</run_address>
         <size>0x4</size>
      </object_component>
      <object_component id="oc-23">
         <name>.stack</name>
         <uninitialized>true</uninitialized>
         <run_address>0x20000000</run_address>
         <size>0x0</size>
         <input_file_ref idref="fl-134"/>
      </object_component>
      <object_component id="oc-44b">
         <name>.stack</name>
         <uninitialized>true</uninitialized>
         <run_address>0x20000000</run_address>
         <size>0x0</size>
      </object_component>
      <object_component id="oc-f">
         <name>.debug_info</name>
         <load_address>0x0</load_address>
         <run_address>0x0</run_address>
         <size>0xda</size>
         <input_file_ref idref="fl-4"/>
      </object_component>
      <object_component id="oc-11">
         <name>.debug_info</name>
         <load_address>0xda</load_address>
         <run_address>0xda</run_address>
         <size>0xf3</size>
         <input_file_ref idref="fl-134"/>
      </object_component>
      <object_component id="oc-16">
         <name>.debug_info</name>
         <load_address>0x1cd</load_address>
         <run_address>0x1cd</run_address>
         <size>0x194</size>
         <input_file_ref idref="fl-135"/>
      </object_component>
      <object_component id="oc-1b">
         <name>.debug_info</name>
         <load_address>0x361</load_address>
         <run_address>0x361</run_address>
         <size>0x16a</size>
         <input_file_ref idref="fl-137"/>
      </object_component>
      <object_component id="oc-1f">
         <name>.debug_info</name>
         <load_address>0x4cb</load_address>
         <run_address>0x4cb</run_address>
         <size>0x18e</size>
         <input_file_ref idref="fl-136"/>
      </object_component>
      <object_component id="oc-28">
         <name>.debug_info</name>
         <load_address>0x659</load_address>
         <run_address>0x659</run_address>
         <size>0x10a</size>
         <input_file_ref idref="fl-4"/>
      </object_component>
      <object_component id="oc-2c">
         <name>.debug_info</name>
         <load_address>0x763</load_address>
         <run_address>0x763</run_address>
         <size>0xfb</size>
         <input_file_ref idref="fl-4"/>
      </object_component>
      <object_component id="oc-2f">
         <name>.debug_info</name>
         <load_address>0x85e</load_address>
         <run_address>0x85e</run_address>
         <size>0x101</size>
         <input_file_ref idref="fl-4"/>
      </object_component>
      <object_component id="oc-34">
         <name>.debug_info</name>
         <load_address>0x95f</load_address>
         <run_address>0x95f</run_address>
         <size>0x113</size>
         <input_file_ref idref="fl-4"/>
      </object_component>
      <object_component id="oc-39">
         <name>.debug_info</name>
         <load_address>0xa72</load_address>
         <run_address>0xa72</run_address>
         <size>0x16c</size>
         <input_file_ref idref="fl-5"/>
      </object_component>
      <object_component id="oc-3e">
         <name>.debug_info</name>
         <load_address>0xbde</load_address>
         <run_address>0xbde</run_address>
         <size>0x2be</size>
         <input_file_ref idref="fl-3"/>
      </object_component>
      <object_component id="oc-43">
         <name>.debug_info</name>
         <load_address>0xe9c</load_address>
         <run_address>0xe9c</run_address>
         <size>0x13e</size>
         <input_file_ref idref="fl-5"/>
      </object_component>
      <object_component id="oc-48">
         <name>.debug_info</name>
         <load_address>0xfda</load_address>
         <run_address>0xfda</run_address>
         <size>0x256</size>
         <input_file_ref idref="fl-2"/>
      </object_component>
      <object_component id="oc-4e">
         <name>.debug_info</name>
         <load_address>0x1230</load_address>
         <run_address>0x1230</run_address>
         <size>0x197</size>
         <input_file_ref idref="fl-4"/>
      </object_component>
      <object_component id="oc-51">
         <name>.debug_info</name>
         <load_address>0x13c7</load_address>
         <run_address>0x13c7</run_address>
         <size>0x13d</size>
         <input_file_ref idref="fl-13f"/>
      </object_component>
      <object_component id="oc-54">
         <name>.debug_info</name>
         <load_address>0x1504</load_address>
         <run_address>0x1504</run_address>
         <size>0x11c</size>
         <input_file_ref idref="fl-13e"/>
      </object_component>
      <object_component id="oc-5b">
         <name>.debug_info</name>
         <load_address>0x1620</load_address>
         <run_address>0x1620</run_address>
         <size>0x1c2</size>
         <input_file_ref idref="fl-138"/>
      </object_component>
      <object_component id="oc-5e">
         <name>.debug_info</name>
         <load_address>0x17e2</load_address>
         <run_address>0x17e2</run_address>
         <size>0xbe</size>
         <input_file_ref idref="fl-13b"/>
      </object_component>
      <object_component id="oc-61">
         <name>.debug_info</name>
         <load_address>0x18a0</load_address>
         <run_address>0x18a0</run_address>
         <size>0xcc</size>
         <input_file_ref idref="fl-13a"/>
      </object_component>
      <object_component id="oc-65">
         <name>.debug_info</name>
         <load_address>0x196c</load_address>
         <run_address>0x196c</run_address>
         <size>0x46</size>
         <input_file_ref idref="fl-135"/>
      </object_component>
      <object_component id="oc-6a">
         <name>.debug_info</name>
         <load_address>0x19b2</load_address>
         <run_address>0x19b2</run_address>
         <size>0xf2</size>
         <input_file_ref idref="fl-135"/>
      </object_component>
      <object_component id="oc-6c">
         <name>.debug_info</name>
         <load_address>0x1aa4</load_address>
         <run_address>0x1aa4</run_address>
         <size>0x46</size>
         <input_file_ref idref="fl-137"/>
      </object_component>
      <object_component id="oc-71">
         <name>.debug_info</name>
         <load_address>0x1aea</load_address>
         <run_address>0x1aea</run_address>
         <size>0xad</size>
         <input_file_ref idref="fl-137"/>
      </object_component>
      <object_component id="oc-74">
         <name>.debug_info</name>
         <load_address>0x1b97</load_address>
         <run_address>0x1b97</run_address>
         <size>0x1ef</size>
         <input_file_ref idref="fl-136"/>
      </object_component>
      <object_component id="oc-78">
         <name>.debug_info</name>
         <load_address>0x1d86</load_address>
         <run_address>0x1d86</run_address>
         <size>0xb7</size>
         <input_file_ref idref="fl-136"/>
      </object_component>
      <object_component id="oc-79">
         <name>.debug_info</name>
         <load_address>0x1e3d</load_address>
         <run_address>0x1e3d</run_address>
         <size>0x39</size>
         <input_file_ref idref="fl-136"/>
      </object_component>
      <object_component id="oc-85">
         <name>.debug_info</name>
         <load_address>0x1e76</load_address>
         <run_address>0x1e76</run_address>
         <size>0x1e3</size>
         <input_file_ref idref="fl-144"/>
      </object_component>
      <object_component id="oc-8a">
         <name>.debug_info</name>
         <load_address>0x2059</load_address>
         <run_address>0x2059</run_address>
         <size>0x1f1</size>
         <input_file_ref idref="fl-144"/>
      </object_component>
      <object_component id="oc-8d">
         <name>.debug_info</name>
         <load_address>0x224a</load_address>
         <run_address>0x224a</run_address>
         <size>0x254</size>
         <input_file_ref idref="fl-146"/>
      </object_component>
      <object_component id="oc-92">
         <name>.debug_info</name>
         <load_address>0x249e</load_address>
         <run_address>0x249e</run_address>
         <size>0xe2</size>
         <input_file_ref idref="fl-5"/>
      </object_component>
      <object_component id="oc-94">
         <name>.debug_info</name>
         <load_address>0x2580</load_address>
         <run_address>0x2580</run_address>
         <size>0x185</size>
         <input_file_ref idref="fl-5"/>
      </object_component>
      <object_component id="oc-99">
         <name>.debug_info</name>
         <load_address>0x2705</load_address>
         <run_address>0x2705</run_address>
         <size>0x84</size>
         <input_file_ref idref="fl-2"/>
      </object_component>
      <object_component id="oc-9f">
         <name>.debug_info</name>
         <load_address>0x2789</load_address>
         <run_address>0x2789</run_address>
         <size>0x203</size>
         <input_file_ref idref="fl-3"/>
      </object_component>
      <object_component id="oc-a4">
         <name>.debug_info</name>
         <load_address>0x298c</load_address>
         <run_address>0x298c</run_address>
         <size>0x22a</size>
         <input_file_ref idref="fl-3"/>
      </object_component>
      <object_component id="oc-a9">
         <name>.debug_info</name>
         <load_address>0x2bb6</load_address>
         <run_address>0x2bb6</run_address>
         <size>0x240</size>
         <input_file_ref idref="fl-3"/>
      </object_component>
      <object_component id="oc-ae">
         <name>.debug_info</name>
         <load_address>0x2df6</load_address>
         <run_address>0x2df6</run_address>
         <size>0x25a</size>
         <input_file_ref idref="fl-3"/>
      </object_component>
      <object_component id="oc-b3">
         <name>.debug_info</name>
         <load_address>0x3050</load_address>
         <run_address>0x3050</run_address>
         <size>0x1e6</size>
         <input_file_ref idref="fl-3"/>
      </object_component>
      <object_component id="oc-b5">
         <name>.debug_info</name>
         <load_address>0x3236</load_address>
         <run_address>0x3236</run_address>
         <size>0x1a6</size>
         <input_file_ref idref="fl-3"/>
      </object_component>
      <object_component id="oc-b7">
         <name>.debug_info</name>
         <load_address>0x33dc</load_address>
         <run_address>0x33dc</run_address>
         <size>0x106</size>
         <input_file_ref idref="fl-3"/>
      </object_component>
      <object_component id="oc-b9">
         <name>.debug_info</name>
         <load_address>0x34e2</load_address>
         <run_address>0x34e2</run_address>
         <size>0x18b</size>
         <input_file_ref idref="fl-2"/>
      </object_component>
      <object_component id="oc-bf">
         <name>.debug_info</name>
         <load_address>0x366d</load_address>
         <run_address>0x366d</run_address>
         <size>0x418</size>
         <input_file_ref idref="fl-147"/>
      </object_component>
      <object_component id="oc-c4">
         <name>.debug_info</name>
         <load_address>0x3a85</load_address>
         <run_address>0x3a85</run_address>
         <size>0xda</size>
         <input_file_ref idref="fl-5"/>
      </object_component>
      <object_component id="oc-c7">
         <name>.debug_info</name>
         <load_address>0x3b5f</load_address>
         <run_address>0x3b5f</run_address>
         <size>0x225</size>
         <input_file_ref idref="fl-2"/>
      </object_component>
      <object_component id="oc-cc">
         <name>.debug_info</name>
         <load_address>0x3d84</load_address>
         <run_address>0x3d84</run_address>
         <size>0x24d</size>
         <input_file_ref idref="fl-2"/>
      </object_component>
      <object_component id="oc-d6">
         <name>.debug_info</name>
         <load_address>0x3fd1</load_address>
         <run_address>0x3fd1</run_address>
         <size>0x14b</size>
         <input_file_ref idref="fl-140"/>
      </object_component>
      <object_component id="oc-db">
         <name>.debug_info</name>
         <load_address>0x411c</load_address>
         <run_address>0x411c</run_address>
         <size>0x802</size>
         <input_file_ref idref="fl-5"/>
      </object_component>
      <object_component id="oc-e0">
         <name>.debug_info</name>
         <load_address>0x491e</load_address>
         <run_address>0x491e</run_address>
         <size>0x11b</size>
         <input_file_ref idref="fl-13e"/>
      </object_component>
      <object_component id="oc-e2">
         <name>.debug_info</name>
         <load_address>0x4a39</load_address>
         <run_address>0x4a39</run_address>
         <size>0xc8</size>
         <input_file_ref idref="fl-13d"/>
      </object_component>
      <object_component id="oc-e4">
         <name>.debug_info</name>
         <load_address>0x4b01</load_address>
         <run_address>0x4b01</run_address>
         <size>0xeb</size>
         <input_file_ref idref="fl-138"/>
      </object_component>
      <object_component id="oc-e6">
         <name>.debug_info</name>
         <load_address>0x4bec</load_address>
         <run_address>0x4bec</run_address>
         <size>0x146</size>
         <input_file_ref idref="fl-138"/>
      </object_component>
      <object_component id="oc-ea">
         <name>.debug_info</name>
         <load_address>0x4d32</load_address>
         <run_address>0x4d32</run_address>
         <size>0x2c</size>
         <input_file_ref idref="fl-135"/>
      </object_component>
      <object_component id="oc-f1">
         <name>.debug_info</name>
         <load_address>0x4d5e</load_address>
         <run_address>0x4d5e</run_address>
         <size>0x2c</size>
         <input_file_ref idref="fl-137"/>
      </object_component>
      <object_component id="oc-fc">
         <name>.debug_info</name>
         <load_address>0x4d8a</load_address>
         <run_address>0x4d8a</run_address>
         <size>0x18b</size>
         <input_file_ref idref="fl-141"/>
      </object_component>
      <object_component id="oc-101">
         <name>.debug_info</name>
         <load_address>0x4f15</load_address>
         <run_address>0x4f15</run_address>
         <size>0x90</size>
         <input_file_ref idref="fl-141"/>
      </object_component>
      <object_component id="oc-106">
         <name>.debug_info</name>
         <load_address>0x4fa5</load_address>
         <run_address>0x4fa5</run_address>
         <size>0x1d7</size>
         <input_file_ref idref="fl-144"/>
      </object_component>
      <object_component id="oc-10a">
         <name>.debug_info</name>
         <load_address>0x517c</load_address>
         <run_address>0x517c</run_address>
         <size>0x3e8</size>
         <input_file_ref idref="fl-147"/>
      </object_component>
      <object_component id="oc-10f">
         <name>.debug_info</name>
         <load_address>0x5564</load_address>
         <run_address>0x5564</run_address>
         <size>0x224</size>
         <input_file_ref idref="fl-146"/>
      </object_component>
      <object_component id="oc-113">
         <name>.debug_info</name>
         <load_address>0x5788</load_address>
         <run_address>0x5788</run_address>
         <size>0x18b</size>
         <input_file_ref idref="fl-146"/>
      </object_component>
      <object_component id="oc-118">
         <name>.debug_info</name>
         <load_address>0x5913</load_address>
         <run_address>0x5913</run_address>
         <size>0x348</size>
         <input_file_ref idref="fl-146"/>
      </object_component>
      <object_component id="oc-11b">
         <name>.debug_info</name>
         <load_address>0x5c5b</load_address>
         <run_address>0x5c5b</run_address>
         <size>0x16c</size>
         <input_file_ref idref="fl-5"/>
      </object_component>
      <object_component id="oc-121">
         <name>.debug_info</name>
         <load_address>0x5dc7</load_address>
         <run_address>0x5dc7</run_address>
         <size>0xc86</size>
         <input_file_ref idref="fl-5"/>
      </object_component>
      <object_component id="oc-126">
         <name>.debug_info</name>
         <load_address>0x6a4d</load_address>
         <run_address>0x6a4d</run_address>
         <size>0x17a</size>
         <input_file_ref idref="fl-3"/>
      </object_component>
      <object_component id="oc-128">
         <name>.debug_info</name>
         <load_address>0x6bc7</load_address>
         <run_address>0x6bc7</run_address>
         <size>0x106</size>
         <input_file_ref idref="fl-3"/>
      </object_component>
      <object_component id="oc-134">
         <name>.debug_info</name>
         <load_address>0x6ccd</load_address>
         <run_address>0x6ccd</run_address>
         <size>0x1b6</size>
         <input_file_ref idref="fl-15a"/>
      </object_component>
      <object_component id="oc-139">
         <name>.debug_info</name>
         <load_address>0x6e83</load_address>
         <run_address>0x6e83</run_address>
         <size>0x1e2</size>
         <input_file_ref idref="fl-15a"/>
      </object_component>
      <object_component id="oc-13f">
         <name>.debug_info</name>
         <load_address>0x7065</load_address>
         <run_address>0x7065</run_address>
         <size>0x273</size>
         <input_file_ref idref="fl-147"/>
      </object_component>
      <object_component id="oc-144">
         <name>.debug_info</name>
         <load_address>0x72d8</load_address>
         <run_address>0x72d8</run_address>
         <size>0x205</size>
         <input_file_ref idref="fl-147"/>
      </object_component>
      <object_component id="oc-149">
         <name>.debug_info</name>
         <load_address>0x74dd</load_address>
         <run_address>0x74dd</run_address>
         <size>0x21e</size>
         <input_file_ref idref="fl-147"/>
      </object_component>
      <object_component id="oc-14e">
         <name>.debug_info</name>
         <load_address>0x76fb</load_address>
         <run_address>0x76fb</run_address>
         <size>0x22b</size>
         <input_file_ref idref="fl-147"/>
      </object_component>
      <object_component id="oc-153">
         <name>.debug_info</name>
         <load_address>0x7926</load_address>
         <run_address>0x7926</run_address>
         <size>0x229</size>
         <input_file_ref idref="fl-147"/>
      </object_component>
      <object_component id="oc-158">
         <name>.debug_info</name>
         <load_address>0x7b4f</load_address>
         <run_address>0x7b4f</run_address>
         <size>0x223</size>
         <input_file_ref idref="fl-147"/>
      </object_component>
      <object_component id="oc-15d">
         <name>.debug_info</name>
         <load_address>0x7d72</load_address>
         <run_address>0x7d72</run_address>
         <size>0x21f</size>
         <input_file_ref idref="fl-147"/>
      </object_component>
      <object_component id="oc-161">
         <name>.debug_info</name>
         <load_address>0x7f91</load_address>
         <run_address>0x7f91</run_address>
         <size>0x24e</size>
         <input_file_ref idref="fl-147"/>
      </object_component>
      <object_component id="oc-166">
         <name>.debug_info</name>
         <load_address>0x81df</load_address>
         <run_address>0x81df</run_address>
         <size>0x244</size>
         <input_file_ref idref="fl-147"/>
      </object_component>
      <object_component id="oc-16b">
         <name>.debug_info</name>
         <load_address>0x8423</load_address>
         <run_address>0x8423</run_address>
         <size>0x22b</size>
         <input_file_ref idref="fl-147"/>
      </object_component>
      <object_component id="oc-170">
         <name>.debug_info</name>
         <load_address>0x864e</load_address>
         <run_address>0x864e</run_address>
         <size>0x291</size>
         <input_file_ref idref="fl-147"/>
      </object_component>
      <object_component id="oc-175">
         <name>.debug_info</name>
         <load_address>0x88df</load_address>
         <run_address>0x88df</run_address>
         <size>0x3f7</size>
         <input_file_ref idref="fl-147"/>
      </object_component>
      <object_component id="oc-178">
         <name>.debug_info</name>
         <load_address>0x8cd6</load_address>
         <run_address>0x8cd6</run_address>
         <size>0x4e6</size>
         <input_file_ref idref="fl-5"/>
      </object_component>
      <object_component id="oc-180">
         <name>.debug_info</name>
         <load_address>0x91bc</load_address>
         <run_address>0x91bc</run_address>
         <size>0x148</size>
         <input_file_ref idref="fl-140"/>
      </object_component>
      <object_component id="oc-182">
         <name>.debug_info</name>
         <load_address>0x9304</load_address>
         <run_address>0x9304</run_address>
         <size>0x363</size>
         <input_file_ref idref="fl-142"/>
      </object_component>
      <object_component id="oc-187">
         <name>.debug_info</name>
         <load_address>0x9667</load_address>
         <run_address>0x9667</run_address>
         <size>0x1e1</size>
         <input_file_ref idref="fl-142"/>
      </object_component>
      <object_component id="oc-18c">
         <name>.debug_info</name>
         <load_address>0x9848</load_address>
         <run_address>0x9848</run_address>
         <size>0x267</size>
         <input_file_ref idref="fl-5"/>
      </object_component>
      <object_component id="oc-191">
         <name>.debug_info</name>
         <load_address>0x9aaf</load_address>
         <run_address>0x9aaf</run_address>
         <size>0x1c2</size>
         <input_file_ref idref="fl-3"/>
      </object_component>
      <object_component id="oc-196">
         <name>.debug_info</name>
         <load_address>0x9c71</load_address>
         <run_address>0x9c71</run_address>
         <size>0x28c</size>
         <input_file_ref idref="fl-2"/>
      </object_component>
      <object_component id="oc-19b">
         <name>.debug_info</name>
         <load_address>0x9efd</load_address>
         <run_address>0x9efd</run_address>
         <size>0x277</size>
         <input_file_ref idref="fl-2"/>
      </object_component>
      <object_component id="oc-1a0">
         <name>.debug_info</name>
         <load_address>0xa174</load_address>
         <run_address>0xa174</run_address>
         <size>0x250</size>
         <input_file_ref idref="fl-2"/>
      </object_component>
      <object_component id="oc-1a6">
         <name>.debug_info</name>
         <load_address>0xa3c4</load_address>
         <run_address>0xa3c4</run_address>
         <size>0x1e4</size>
         <input_file_ref idref="fl-144"/>
      </object_component>
      <object_component id="oc-1ac">
         <name>.debug_info</name>
         <load_address>0xa5a8</load_address>
         <run_address>0xa5a8</run_address>
         <size>0x1e3</size>
         <input_file_ref idref="fl-144"/>
      </object_component>
      <object_component id="oc-1b1">
         <name>.debug_info</name>
         <load_address>0xa78b</load_address>
         <run_address>0xa78b</run_address>
         <size>0x1dd</size>
         <input_file_ref idref="fl-144"/>
      </object_component>
      <object_component id="oc-1b6">
         <name>.debug_info</name>
         <load_address>0xa968</load_address>
         <run_address>0xa968</run_address>
         <size>0x1e9</size>
         <input_file_ref idref="fl-144"/>
      </object_component>
      <object_component id="oc-1bb">
         <name>.debug_info</name>
         <load_address>0xab51</load_address>
         <run_address>0xab51</run_address>
         <size>0x1f3</size>
         <input_file_ref idref="fl-144"/>
      </object_component>
      <object_component id="oc-1c0">
         <name>.debug_info</name>
         <load_address>0xad44</load_address>
         <run_address>0xad44</run_address>
         <size>0x21f</size>
         <input_file_ref idref="fl-144"/>
      </object_component>
      <object_component id="oc-1c6">
         <name>.debug_info</name>
         <load_address>0xaf63</load_address>
         <run_address>0xaf63</run_address>
         <size>0x1cc</size>
         <input_file_ref idref="fl-143"/>
      </object_component>
      <object_component id="oc-1c8">
         <name>.debug_info</name>
         <load_address>0xb12f</load_address>
         <run_address>0xb12f</run_address>
         <size>0x1d5</size>
         <input_file_ref idref="fl-142"/>
      </object_component>
      <object_component id="oc-1cd">
         <name>.debug_info</name>
         <load_address>0xb304</load_address>
         <run_address>0xb304</run_address>
         <size>0x1eb</size>
         <input_file_ref idref="fl-142"/>
      </object_component>
      <object_component id="oc-1d5">
         <name>.debug_info</name>
         <load_address>0xb4ef</load_address>
         <run_address>0xb4ef</run_address>
         <size>0x1a2</size>
         <input_file_ref idref="fl-143"/>
      </object_component>
      <object_component id="oc-1d7">
         <name>.debug_info</name>
         <load_address>0xb691</load_address>
         <run_address>0xb691</run_address>
         <size>0x219</size>
         <input_file_ref idref="fl-142"/>
      </object_component>
      <object_component id="oc-1dc">
         <name>.debug_info</name>
         <load_address>0xb8aa</load_address>
         <run_address>0xb8aa</run_address>
         <size>0x2b4</size>
         <input_file_ref idref="fl-147"/>
      </object_component>
      <object_component id="oc-1e1">
         <name>.debug_info</name>
         <load_address>0xbb5e</load_address>
         <run_address>0xbb5e</run_address>
         <size>0x298</size>
         <input_file_ref idref="fl-146"/>
      </object_component>
      <object_component id="oc-1e6">
         <name>.debug_info</name>
         <load_address>0xbdf6</load_address>
         <run_address>0xbdf6</run_address>
         <size>0x1b2</size>
         <input_file_ref idref="fl-5"/>
      </object_component>
      <object_component id="oc-1eb">
         <name>.debug_info</name>
         <load_address>0xbfa8</load_address>
         <run_address>0xbfa8</run_address>
         <size>0x29d</size>
         <input_file_ref idref="fl-146"/>
      </object_component>
      <object_component id="oc-1f1">
         <name>.debug_info</name>
         <load_address>0xc245</load_address>
         <run_address>0xc245</run_address>
         <size>0x26a</size>
         <input_file_ref idref="fl-148"/>
      </object_component>
      <object_component id="oc-1f5">
         <name>.debug_info</name>
         <load_address>0xc4af</load_address>
         <run_address>0xc4af</run_address>
         <size>0x297</size>
         <input_file_ref idref="fl-2"/>
      </object_component>
      <object_component id="oc-1fc">
         <name>.debug_info</name>
         <load_address>0xc746</load_address>
         <run_address>0xc746</run_address>
         <size>0x276</size>
         <input_file_ref idref="fl-146"/>
      </object_component>
      <object_component id="oc-201">
         <name>.debug_info</name>
         <load_address>0xc9bc</load_address>
         <run_address>0xc9bc</run_address>
         <size>0x268</size>
         <input_file_ref idref="fl-146"/>
      </object_component>
      <object_component id="oc-205">
         <name>.debug_info</name>
         <load_address>0xcc24</load_address>
         <run_address>0xcc24</run_address>
         <size>0x338</size>
         <input_file_ref idref="fl-146"/>
      </object_component>
      <object_component id="oc-20a">
         <name>.debug_info</name>
         <load_address>0xcf5c</load_address>
         <run_address>0xcf5c</run_address>
         <size>0x264</size>
         <input_file_ref idref="fl-148"/>
      </object_component>
      <object_component id="oc-210">
         <name>.debug_info</name>
         <load_address>0xd1c0</load_address>
         <run_address>0xd1c0</run_address>
         <size>0x248</size>
         <input_file_ref idref="fl-148"/>
      </object_component>
      <object_component id="oc-214">
         <name>.debug_info</name>
         <load_address>0xd408</load_address>
         <run_address>0xd408</run_address>
         <size>0x23a</size>
         <input_file_ref idref="fl-148"/>
      </object_component>
      <object_component id="oc-21a">
         <name>.debug_info</name>
         <load_address>0xd642</load_address>
         <run_address>0xd642</run_address>
         <size>0x2ae</size>
         <input_file_ref idref="fl-148"/>
      </object_component>
      <object_component id="oc-21e">
         <name>.debug_info</name>
         <load_address>0xd8f0</load_address>
[...]
         <value>0xc15</value>
         <object_component_ref idref="oc-2c7"/>
      </symbol>
      <symbol id="sm-1a2">
         <name>ResetISR</name>
         <value>0x359b</value>
         <object_component_ref idref="oc-24"/>
      </symbol>
      <symbol id="sm-1a3">
         <name>g_pfnVectors</name>
         <value>0x0</value>
         <object_component_ref idref="oc-e"/>
      </symbol>
      <symbol id="sm-25d">
         <name>g_pui32Colors</name>
         <value>0x20002668</value>
      </symbol>
      <symbol id="sm-25e">
         <name>g_vui8I2CDoneFlag</name>
         <value>0x2000268c</value>
      </symbol>
      <symbol id="sm-25f">
         <name>g_vui8ErrorFlag</name>
         <value>0x20002688</value>
      </symbol>
      <symbol id="sm-260">
         <name>g_ui32PrintSkipCounter</name>
         <value>0x20002684</value>
      </symbol>
      <symbol id="sm-261">
         <name>MPU9150AppCallback</name>
         <value>0x3425</value>
         <object_component_ref idref="oc-93"/>
      </symbol>
      <symbol id="sm-262">
         <name>g_sI2CInst</name>
         <value>0x20002400</value>
         <object_component_ref idref="oc-c3"/>
      </symbol>
      <symbol id="sm-263">
         <name>MPU9150AppErrorHandler</name>
         <value>0x1e29</value>
         <object_component_ref idref="oc-307"/>
      </symbol>
      <symbol id="sm-264">
         <name>main</name>
         <value>0x26d</value>
         <object_component_ref idref="oc-da"/>
      </symbol>
      <symbol id="sm-265">
         <name>ConfigureUART</name>
         <value>0x23bd</value>
         <object_component_ref idref="oc-18b"/>
      </symbol>
      <symbol id="sm-266">
         <name>g_sMPU9150Inst</name>
         <value>0x200025a4</value>
         <object_component_ref idref="oc-91"/>
      </symbol>
      <symbol id="sm-267">
         <name>MPU9150AppI2CWait</name>
         <value>0x329d</value>
         <object_component_ref idref="oc-1e5"/>
      </symbol>
      <symbol id="sm-268">
         <name>IntGPIOb</name>
         <value>0x30d5</value>
         <object_component_ref idref="oc-38"/>
      </symbol>
      <symbol id="sm-269">
         <name>g_sCompDCMInst</name>
         <value>0x20002610</value>
         <object_component_ref idref="oc-21d"/>
      </symbol>
      <symbol id="sm-26a">
         <name>MPU9150I2CIntHandler</name>
         <value>0x355d</value>
         <object_component_ref idref="oc-42"/>
      </symbol>
      <symbol id="sm-279">
         <name>_c_int00</name>
         <value>0x2c99</value>
         <object_component_ref idref="oc-10"/>
      </symbol>
      <symbol id="sm-27a">
         <name>__stack</name>
         <value>0x20000000</value>
         <object_component_ref idref="oc-23"/>
      </symbol>
      <symbol id="sm-290">
         <name>__TI_decompress_none</name>
         <value>0x351d</value>
         <object_component_ref idref="oc-14"/>
      </symbol>
      <symbol id="sm-2b2">
         <name>__TI_decompress_rle24</name>
         <value>0x35ad</value>
         <object_component_ref idref="oc-1e"/>
      </symbol>
      <symbol id="sm-2ca">
         <name>__TI_zero_init</name>
         <value>0x34c5</value>
         <object_component_ref idref="oc-19"/>
      </symbol>
      <symbol id="sm-2e6">
         <name>C$$EXIT</name>
         <value>0x2e39</value>
         <object_component_ref idref="oc-58"/>
      </symbol>
      <symbol id="sm-2e7">
         <name>abort</name>
         <value>0x2e3d</value>
         <object_component_ref idref="oc-58"/>
      </symbol>
      <symbol id="sm-2e8">
         <name>exit</name>
         <value>0x2e45</value>
         <object_component_ref idref="oc-58"/>
      </symbol>
      <symbol id="sm-2e9">
         <name>__TI_dtors_ptr</name>
         <value>0x200027d4</value>
         <object_component_ref idref="oc-e3"/>
      </symbol>
      <symbol id="sm-2ea">
         <name>__TI_cleanup_ptr</name>
         <value>0x200027d0</value>
         <object_component_ref idref="oc-e3"/>
      </symbol>
      <symbol id="sm-2f3">
         <name>__aeabi_f2ulz</name>
         <value>0x2ad9</value>
         <object_component_ref idref="oc-317"/>
      </symbol>
      <symbol id="sm-30d">
         <name>memcpy</name>
         <value>0x2165</value>
         <object_component_ref idref="oc-60"/>
      </symbol>
      <symbol id="sm-30e">
         <name>__aeabi_memcpy</name>
         <value>0x2165</value>
         <object_component_ref idref="oc-60"/>
      </symbol>
      <symbol id="sm-30f">
         <name>__aeabi_memcpy8</name>
         <value>0x2165</value>
         <object_component_ref idref="oc-60"/>
      </symbol>
      <symbol id="sm-310">
         <name>__aeabi_memcpy4</name>
         <value>0x2165</value>
         <object_component_ref idref="oc-60"/>
      </symbol>
      <symbol id="sm-317">
         <name>main_func_sp</name>
         <value>0x200027e8</value>
         <object_component_ref idref="oc-5d"/>
      </symbol>
      <symbol id="sm-326">
         <name>__aeabi_uidivmod</name>
         <value>0x2ebf</value>
         <object_component_ref idref="oc-384"/>
      </symbol>
      <symbol id="sm-33c">
         <name>_nop</name>
         <value>0x3477</value>
         <object_component_ref idref="oc-23d"/>
      </symbol>
      <symbol id="sm-33d">
         <name>_lock</name>
         <value>0x200027c8</value>
         <object_component_ref idref="oc-e1"/>
      </symbol>
      <symbol id="sm-33e">
         <name>_unlock</name>
         <value>0x200027cc</value>
         <object_component_ref idref="oc-e1"/>
      </symbol>
      <symbol id="sm-33f">
         <name>_register_lock</name>
         <value>0x346f</value>
         <object_component_ref idref="oc-23d"/>
      </symbol>
      <symbol id="sm-340">
         <name>_register_unlock</name>
         <value>0x3469</value>
         <object_component_ref idref="oc-23d"/>
      </symbol>
      <symbol id="sm-353">
         <name>_args_main</name>
         <value>0x343d</value>
         <object_component_ref idref="oc-53"/>
      </symbol>
      <symbol id="sm-36f">
         <name>__TI_auto_init</name>
         <value>0x2299</value>
         <object_component_ref idref="oc-4f"/>
      </symbol>
      <symbol id="sm-387">
         <name>copy_in</name>
         <value>0x2df5</value>
         <object_component_ref idref="oc-d4"/>
      </symbol>
      <symbol id="sm-39d">
         <name>UARTClockSourceSet</name>
         <value>0x35a7</value>
         <object_component_ref idref="oc-2bc"/>
      </symbol>
      <symbol id="sm-409">
         <name>SysCtlClockSet</name>
         <value>0x1991</value>
         <object_component_ref idref="oc-181"/>
      </symbol>
      <symbol id="sm-40a">
         <name>SysCtlPeripheralClockGating</name>
         <value>0x2db1</value>
         <object_component_ref idref="oc-1c7"/>
      </symbol>
      <symbol id="sm-40b">
         <name>SysCtlDelay</name>
         <value>0x35a1</value>
         <object_component_ref idref="oc-2b3"/>
      </symbol>
      <symbol id="sm-40c">
         <name>SysCtlPeripheralEnable</name>
         <value>0x3109</value>
         <object_component_ref idref="oc-186"/>
      </symbol>
      <symbol id="sm-40d">
         <name>SysCtlClockGet</name>
         <value>0x1589</value>
         <object_component_ref idref="oc-1d6"/>
      </symbol>
      <symbol id="sm-40e">
         <name>SysCtlPeripheralSleepEnable</name>
         <value>0x313d</value>
         <object_component_ref idref="oc-1cc"/>
      </symbol>
      <symbol id="sm-463">
         <name>IntIsEnabled</name>
         <value>0x2795</value>
         <object_component_ref idref="oc-24b"/>
      </symbol>
      <symbol id="sm-464">
         <name>IntEnable</name>
         <value>0x2859</value>
         <object_component_ref idref="oc-1c2"/>
      </symbol>
      <symbol id="sm-465">
         <name>IntTrigger</name>
         <value>0x3551</value>
         <object_component_ref idref="oc-255"/>
      </symbol>
      <symbol id="sm-466">
         <name>IntDisable</name>
         <value>0x27f9</value>
         <object_component_ref idref="oc-250"/>
      </symbol>
      <symbol id="sm-467">
         <name>IntMasterEnable</name>
         <value>0x3573</value>
         <object_component_ref idref="oc-1d1"/>
      </symbol>
      <symbol id="sm-4cb">
         <name>GPIOPinConfigure</name>
         <value>0x2bc1</value>
         <object_component_ref idref="oc-1a4"/>
      </symbol>
      <symbol id="sm-4cc">
         <name>GPIOPinTypeI2CSCL</name>
         <value>0x34a1</value>
         <object_component_ref idref="oc-1a9"/>
      </symbol>
      <symbol id="sm-4cd">
         <name>GPIOIntEnable</name>
         <value>0x3545</value>
         <object_component_ref idref="oc-1b8"/>
      </symbol>
      <symbol id="sm-4ce">
         <name>GPIOPinTypeI2C</name>
         <value>0x348f</value>
         <object_component_ref idref="oc-1ae"/>
      </symbol>
      <symbol id="sm-4cf">
         <name>GPIOIntTypeSet</name>
         <value>0x2a2d</value>
         <object_component_ref idref="oc-1bd"/>
      </symbol>
      <symbol id="sm-4d0">
         <name>GPIOPinTypeGPIOInput</name>
         <value>0x347d</value>
         <object_component_ref idref="oc-1b3"/>
      </symbol>
      <symbol id="sm-4d1">
         <name>GPIOIntClear</name>
         <value>0x3595</value>
         <object_component_ref idref="oc-87"/>
      </symbol>
      <symbol id="sm-4d2">
         <name>GPIOPinTypeUART</name>
         <value>0x34b3</value>
         <object_component_ref idref="oc-2b7"/>
      </symbol>
      <symbol id="sm-4d3">
         <name>GPIOIntStatus</name>
         <value>0x3501</value>
         <object_component_ref idref="oc-82"/>
      </symbol>
      <symbol id="sm-4d4">
         <name>GPIODirModeSet</name>
         <value>0x32f5</value>
         <object_component_ref idref="oc-2dd"/>
      </symbol>
      <symbol id="sm-4d5">
         <name>GPIOPadConfigSet</name>
         <value>0x1459</value>
         <object_component_ref idref="oc-2e2"/>
      </symbol>
      <symbol id="sm-4e5">
         <name>CPUcpsie</name>
         <value>0x3539</value>
         <object_component_ref idref="oc-2f2"/>
      </symbol>
      <symbol id="sm-4e6">
         <name>CPUwfi</name>
         <value>0x35b3</value>
         <object_component_ref idref="oc-230"/>
      </symbol>
      <symbol id="sm-573">
         <name>MPU9150DataMagnetoGetFloat</name>
         <value>0x2021</value>
         <object_component_ref idref="oc-204"/>
      </symbol>
      <symbol id="sm-574">
         <name>MPU9150Write</name>
         <value>0x20c5</value>
         <object_component_ref idref="oc-1ea"/>
      </symbol>
      <symbol id="sm-575">
         <name>MPU9150Init</name>
         <value>0x26c1</value>
         <object_component_ref idref="oc-1e0"/>
      </symbol>
      <symbol id="sm-576">
         <name>MPU9150DataAccelGetFloat</name>
         <value>0x2559</value>
         <object_component_ref idref="oc-1fa"/>
      </symbol>
      <symbol id="sm-577">
         <name>MPU9150DataRead</name>
         <value>0x28b9</value>
         <object_component_ref idref="oc-8c"/>
      </symbol>
      <symbol id="sm-578">
         <name>MPU9150DataGyroGetFloat</name>
         <value>0x25d1</value>
         <object_component_ref idref="oc-1ff"/>
      </symbol>
      <symbol id="sm-654">
         <name>I2CMWrite8</name>
         <value>0x29d5</value>
         <object_component_ref idref="oc-30f"/>
      </symbol>
      <symbol id="sm-655">
         <name>I2CMCommand</name>
         <value>0x24d5</value>
         <object_component_ref idref="oc-108"/>
      </symbol>
      <symbol id="sm-656">
         <name>I2CMInit</name>
         <value>0x30a1</value>
         <object_component_ref idref="oc-1db"/>
      </symbol>
      <symbol id="sm-657">
         <name>I2CMTransferResume</name>
         <value>0x320b</value>
         <object_component_ref idref="oc-3d9"/>
      </symbol>
      <symbol id="sm-658">
         <name>I2CMIntHandler</name>
         <value>0x189d</value>
         <object_component_ref idref="oc-be"/>
      </symbol>
      <symbol id="sm-6ad">
         <name>CompDCMMagnetoUpdate</name>
         <value>0x34f3</value>
         <object_component_ref idref="oc-209"/>
      </symbol>
      <symbol id="sm-6ae">
         <name>CompDCMComputeEulers</name>
         <value>0x2e7d</value>
         <object_component_ref idref="oc-226"/>
      </symbol>
      <symbol id="sm-6af">
         <name>CompDCMStart</name>
         <value>0x1c19</value>
         <object_component_ref idref="oc-218"/>
      </symbol>
      <symbol id="sm-6b0">
         <name>CompDCMComputeQuaternion</name>
         <value>0xdff</value>
         <object_component_ref idref="oc-22b"/>
      </symbol>
      <symbol id="sm-6b1">
         <name>CompDCMGyroUpdate</name>
         <value>0x34e5</value>
         <object_component_ref idref="oc-213"/>
      </symbol>
      <symbol id="sm-6b2">
         <name>CompDCMUpdate</name>
         <value>0x981</value>
         <object_component_ref idref="oc-221"/>
      </symbol>
      <symbol id="sm-6b3">
         <name>CompDCMAccelUpdate</name>
         <value>0x34d7</value>
         <object_component_ref idref="oc-20e"/>
      </symbol>
      <symbol id="sm-6b4">
         <name>CompDCMInit</name>
         <value>0x2d29</value>
         <object_component_ref idref="oc-1ef"/>
      </symbol>
      <symbol id="sm-6d5">
         <name>VectorDotProduct</name>
         <value>0x3349</value>
         <object_component_ref idref="oc-335"/>
      </symbol>
      <symbol id="sm-6d6">
         <name>VectorScale</name>
         <value>0x336f</value>
         <object_component_ref idref="oc-33f"/>
      </symbol>
      <symbol id="sm-6d7">
         <name>VectorAdd</name>
         <value>0x31d9</value>
         <object_component_ref idref="oc-347"/>
      </symbol>
      <symbol id="sm-6d8">
         <name>VectorCrossProduct</name>
         <value>0x2a83</value>
         <object_component_ref idref="oc-330"/>
      </symbol>
      <symbol id="sm-6f2">
         <name>asinf</name>
         <value>0x1d79</value>
         <object_component_ref idref="oc-35b"/>
      </symbol>
      <symbol id="sm-708">
         <name>atan2f</name>
         <value>0x1a81</value>
         <object_component_ref idref="oc-356"/>
      </symbol>
      <symbol id="sm-71e">
         <name>__aeabi_dsub</name>
         <value>0xfc7</value>
         <object_component_ref idref="oc-34c"/>
      </symbol>
      <symbol id="sm-71f">
         <name>__aeabi_dadd</name>
         <value>0xfd1</value>
         <object_component_ref idref="oc-34c"/>
      </symbol>
      <symbol id="sm-729">
         <name>__aeabi_dmul</name>
         <value>0x17a1</value>
         <object_component_ref idref="oc-324"/>
      </symbol>
      <symbol id="sm-732">
         <name>__aeabi_d2f</name>
         <value>0x2b77</value>
         <object_component_ref idref="oc-328"/>
      </symbol>
      <symbol id="sm-73c">
         <name>__aeabi_f2d</name>
         <value>0x3069</value>
         <object_component_ref idref="oc-320"/>
      </symbol>
      <symbol id="sm-74b">
         <name>sqrtf</name>
         <value>0x3395</value>
         <object_component_ref idref="oc-33a"/>
      </symbol>
      <symbol id="sm-76a">
         <name>_FAtan</name>
         <value>0x1f79</value>
         <object_component_ref idref="oc-3ca"/>
      </symbol>
      <symbol id="sm-773">
         <name>_FDclass</name>
         <value>0x352b</value>
         <object_component_ref idref="oc-350"/>
      </symbol>
      <symbol id="sm-784">
         <name>_FDtest</name>
         <value>0x31a5</value>
         <object_component_ref idref="oc-3c4"/>
      </symbol>
      <symbol id="sm-792">
         <name>_Feraise</name>
         <value>0x323d</value>
         <object_component_ref idref="oc-3b8"/>
      </symbol>
      <symbol id="sm-7a0">
         <name>_FZero</name>
         <value>0x200027ac</value>
         <object_component_ref idref="oc-3bd"/>
      </symbol>
      <symbol id="sm-7a1">
         <name>_FRteps</name>
         <value>0x20002798</value>
         <object_component_ref idref="oc-3bd"/>
      </symbol>
      <symbol id="sm-7a2">
         <name>_FSnan</name>
         <value>0x20002788</value>
         <object_component_ref idref="oc-3bd"/>
      </symbol>
      <symbol id="sm-7a3">
         <name>_FNan</name>
         <value>0x20002778</value>
         <object_component_ref idref="oc-3bd"/>
      </symbol>
      <symbol id="sm-7a4">
         <name>_FInf</name>
         <value>0x20002768</value>
         <object_component_ref idref="oc-3bd"/>
      </symbol>
      <symbol id="sm-7a5">
         <name>_FEps</name>
         <value>0x20002758</value>
         <object_component_ref idref="oc-3bd"/>
      </symbol>
      <symbol id="sm-7a6">
         <name>_FXbig</name>
         <value>0x200027a8</value>
         <object_component_ref idref="oc-3bd"/>
      </symbol>
      <symbol id="sm-7a7">
         <name>_FDenorm</name>
         <value>0x20002748</value>
         <object_component_ref idref="oc-3bd"/>
      </symbol>
      <symbol id="sm-7ae">
         <name>_Errno</name>
         <value>0x200027e4</value>
         <object_component_ref idref="oc-3e6"/>
      </symbol>
      <symbol id="sm-7c9">
         <name>feraiseexcept</name>
         <value>0x3171</value>
         <object_component_ref idref="oc-3e1"/>
      </symbol>
      <symbol id="sm-7ca">
         <name>_Tls_setup__Fenv</name>
         <value>0x200027dc</value>
         <object_component_ref idref="oc-401"/>
      </symbol>
      <symbol id="sm-7cb">
         <name>_Fenv</name>
         <value>0x200027d8</value>
         <object_component_ref idref="oc-401"/>
      </symbol>
      <symbol id="sm-7de">
         <name>raise</name>
         <value>0x326d</value>
         <object_component_ref idref="oc-3fc"/>
      </symbol>
      <symbol id="sm-7f6">
         <name>signal</name>
         <value>0x2f01</value>
         <object_component_ref idref="oc-40b"/>
      </symbol>
      <symbol id="sm-837">
         <name>I2CMasterDataPut</name>
         <value>0x35bf</value>
         <object_component_ref idref="oc-297"/>
      </symbol>
      <symbol id="sm-838">
         <name>I2CMasterInitExpClk</name>
         <value>0x2c51</value>
         <object_component_ref idref="oc-2fb"/>
      </symbol>
      <symbol id="sm-839">
         <name>I2CMasterSlaveAddrSet</name>
         <value>0x358d</value>
         <object_component_ref idref="oc-290"/>
      </symbol>
      <symbol id="sm-83a">
         <name>I2CMasterDataGet</name>
         <value>0x35bb</value>
         <object_component_ref idref="oc-287"/>
      </symbol>
      <symbol id="sm-83b">
         <name>I2CMasterIntEnableEx</name>
         <value>0x3585</value>
         <object_component_ref idref="oc-300"/>
      </symbol>
      <symbol id="sm-83c">
         <name>I2CMasterControl</name>
         <value>0x35b7</value>
         <object_component_ref idref="oc-138"/>
      </symbol>
      <symbol id="sm-83d">
         <name>I2CMasterEnable</name>
         <value>0x3569</value>
         <object_component_ref idref="oc-398"/>
      </symbol>
      <symbol id="sm-83e">
         <name>I2CMasterIntClear</name>
         <value>0x357d</value>
         <object_component_ref idref="oc-133"/>
      </symbol>
      <symbol id="sm-83f">
         <name>__TI_static_base__</name>
         <value>0x0</value>
      </symbol>
      <symbol id="sm-840">
         <name>__TI_args_main</name>
         <value>0x1</value>
      </symbol>
      <symbol id="sm-841">
         <name>SHT$$INIT_ARRAY$$Limit</name>
         <value>0x0</value>
      </symbol>
      <symbol id="sm-842">
         <name>SHT$$INIT_ARRAY$$Base</name>
         <value>0x0</value>
      </symbol>
      <symbol id="sm-846">
         <name>SysCtlSleep</name>
         <value>0x35b3</value>
      </symbol>
   </symbol_table>
   <title>Link successful</title>
</link_info>
